http_interactions:
- request:
    method: get
    uri: http://www.marinespecies.org/rest/AphiaDistributionsByAphiaID/156806
    body:
      encoding: ''
      string: ''
    headers:
      User-Agent: libcurl/7.54.0 r-curl/3.2 crul/0.5.2
      Accept-Encoding: gzip, deflate
      Accept: application/json, text/xml, application/xml, */*
  response:
    status: ~
    headers:
      status: HTTP/1.1 200 OK
      date: Thu, 26 Apr 2018 18:47:15 GMT
      server: Apache/2.4.25 (Win32) PHP/5.6.29
      x-powered-by: PHP/5.6.29
      access-control-allow-origin: '*'
      access-control-allow-headers: X-Requested-With, Content-Type, Accept, Origin,
        Authorization
      access-control-allow-methods: GET, POST, OPTIONS
      content-length: '1346'
      content-type: application/json;charset=utf-8
    body:
      encoding: UTF-8
      string: '[{"locality":"North West Atlantic","locationID":"http:\/\/marineregions.org\/mrgid\/7135","higherGeography":"North
        Atlantic Ocean","higherGeographyID":"http:\/\/marineregions.org\/mrgid\/1912","recordStatus":"valid","typeStatus":null,"establishmentMeans":null,"decimalLatitude":null,"decimalLongitude":null,"qualityStatus":"unreviewed"},{"locality":"Gulf
        of Maine","locationID":"http:\/\/marineregions.org\/mrgid\/8940","higherGeography":"North
        Atlantic Ocean","higherGeographyID":"http:\/\/marineregions.org\/mrgid\/1912","recordStatus":"valid","typeStatus":null,"establishmentMeans":null,"decimalLatitude":null,"decimalLongitude":null,"qualityStatus":"unreviewed"},{"locality":"St.
        Lawrence Estuary","locationID":"http:\/\/marineregions.org\/mrgid\/23554","higherGeography":"Gulf
        of Saint Lawrence","higherGeographyID":"http:\/\/marineregions.org\/mrgid\/4290","recordStatus":"valid","typeStatus":null,"establishmentMeans":null,"decimalLatitude":null,"decimalLongitude":null,"qualityStatus":"unreviewed"},{"locality":"Gulf
        of St. Lawrence","locationID":"http:\/\/marineregions.org\/mrgid\/4290","higherGeography":"Gulf
        of Saint Lawrence","higherGeographyID":"http:\/\/marineregions.org\/mrgid\/4290","recordStatus":"valid","typeStatus":null,"establishmentMeans":null,"decimalLatitude":null,"decimalLongitude":null,"qualityStatus":"unreviewed"}]'
  recorded_at: 2018-04-26 19:18:53 GMT
  recorded_with: vcr/0.0.8.9231
- request:
    method: get
    uri: http://www.marinespecies.org/rest/AphiaDistributionsByAphiaID/126436
    body:
      encoding: ''
      string: ''
    headers:
      User-Agent: libcurl/7.54.0 r-curl/3.2 crul/0.5.2
      Accept-Encoding: gzip, deflate
      Accept: application/json, text/xml, application/xml, */*
  response:
    status: ~
    headers:
      status: HTTP/1.1 200 OK
      date: Thu, 26 Apr 2018 18:47:15 GMT
      server: Apache/2.4.25 (Win32) PHP/5.6.29
      x-powered-by: PHP/5.6.29
      access-control-allow-origin: '*'
      access-control-allow-headers: X-Requested-With, Content-Type, Accept, Origin,
        Authorization
      access-control-allow-methods: GET, POST, OPTIONS
      transfer-encoding: chunked
      content-type: application/json;charset=utf-8
    body:
      encoding: UTF-8
      string: '[{"locality":"European waters (ERMS scope)","locationID":"http:\/\/marineregions.org\/mrgid\/7130","higherGeography":"North
        Atlantic Ocean","higherGeographyID":"http:\/\/marineregions.org\/mrgid\/1912","recordStatus":"valid","typeStatus":null,"establishmentMeans":null,"decimalLatitude":null,"decimalLongitude":null,"qualityStatus":"unreviewed"},{"locality":"North
        West Atlantic","locationID":"http:\/\/marineregions.org\/mrgid\/7135","higherGeography":"North
        Atlantic Ocean","higherGeographyID":"http:\/\/marineregions.org\/mrgid\/1912","recordStatus":"valid","typeStatus":null,"establishmentMeans":null,"decimalLatitude":null,"decimalLongitude":null,"qualityStatus":"unreviewed"},{"locality":"Belgian
        Exclusive Economic Zone","locationID":"http:\/\/marineregions.org\/mrgid\/3293","higherGeography":"Belgium","higherGeographyID":"http:\/\/marineregions.org\/mrgid\/14","recordStatus":"valid","typeStatus":null,"establishmentMeans":null,"decimalLatitude":null,"decimalLongitude":null,"qualityStatus":"unreviewed"},{"locality":"Westerschelde","locationID":"http:\/\/marineregions.org\/mrgid\/4752","higherGeography":"North
        Sea","higherGeographyID":"http:\/\/marineregions.org\/mrgid\/2350","recordStatus":"valid","typeStatus":null,"establishmentMeans":null,"decimalLatitude":null,"decimalLongitude":null,"qualityStatus":"unreviewed"},{"locality":"Westerschelde","locationID":"http:\/\/marineregions.org\/mrgid\/4752","higherGeography":"North
        Sea","higherGeographyID":"http:\/\/marineregions.org\/mrgid\/2350","recordStatus":"valid","typeStatus":null,"establishmentMeans":null,"decimalLatitude":null,"decimalLongitude":null,"qualityStatus":"unreviewed"},{"locality":"Birkenfels
        (shipwreck)","locationID":"http:\/\/marineregions.org\/mrgid\/17401","higherGeography":"North
        Sea","higherGeographyID":"http:\/\/marineregions.org\/mrgid\/2350","recordStatus":"valid","typeStatus":null,"establishmentMeans":null,"decimalLatitude":null,"decimalLongitude":null,"qualityStatus":"unreviewed"},{"locality":"British
        Isles","locationID":"http:\/\/marineregions.org\/mrgid\/3140","higherGeography":"North
        Atlantic Ocean","higherGeographyID":"http:\/\/marineregions.org\/mrgid\/1912","recordStatus":"valid","typeStatus":null,"establishmentMeans":null,"decimalLatitude":null,"decimalLongitude":null,"qualityStatus":"unreviewed"},{"locality":"Grevelingen","locationID":"http:\/\/marineregions.org\/mrgid\/17605","higherGeography":"Netherlands","higherGeographyID":"http:\/\/marineregions.org\/mrgid\/15","recordStatus":"valid","typeStatus":null,"establishmentMeans":null,"decimalLatitude":null,"decimalLongitude":null,"qualityStatus":"unreviewed"},{"locality":"Dutch
        Exclusive  Economic Zone","locationID":"http:\/\/marineregions.org\/mrgid\/5668","higherGeography":"Netherlands","higherGeographyID":"http:\/\/marineregions.org\/mrgid\/15","recordStatus":"valid","typeStatus":null,"establishmentMeans":null,"decimalLatitude":null,"decimalLongitude":null,"qualityStatus":"unreviewed"},{"locality":"Oosterschelde","locationID":"http:\/\/marineregions.org\/mrgid\/5332","higherGeography":"North
        Sea","higherGeographyID":"http:\/\/marineregions.org\/mrgid\/2350","recordStatus":"valid","typeStatus":null,"establishmentMeans":null,"decimalLatitude":null,"decimalLongitude":null,"qualityStatus":"unreviewed"},{"locality":"Oosterschelde","locationID":"http:\/\/marineregions.org\/mrgid\/5332","higherGeography":"North
        Sea","higherGeographyID":"http:\/\/marineregions.org\/mrgid\/2350","recordStatus":"valid","typeStatus":null,"establishmentMeans":null,"decimalLatitude":null,"decimalLongitude":null,"qualityStatus":"unreviewed"},{"locality":"Voordelta","locationID":"http:\/\/marineregions.org\/mrgid\/14324","higherGeography":"North
        Sea","higherGeographyID":"http:\/\/marineregions.org\/mrgid\/2350","recordStatus":"valid","typeStatus":null,"establishmentMeans":null,"decimalLatitude":null,"decimalLongitude":null,"qualityStatus":"unreviewed"},{"locality":"Voordelta","locationID":"http:\/\/marineregions.org\/mrgid\/14324","higherGeography":"North
        Sea","higherGeographyID":"http:\/\/marineregions.org\/mrgid\/2350","recordStatus":"valid","typeStatus":null,"establishmentMeans":null,"decimalLatitude":null,"decimalLongitude":null,"qualityStatus":"unreviewed"},{"locality":"Wimereux","locationID":"http:\/\/marineregions.org\/mrgid\/979","higherGeography":"France","higherGeographyID":"http:\/\/marineregions.org\/mrgid\/17","recordStatus":"valid","typeStatus":null,"establishmentMeans":null,"decimalLatitude":null,"decimalLongitude":null,"qualityStatus":"unreviewed"},{"locality":"Gulf
        of Maine","locationID":"http:\/\/marineregions.org\/mrgid\/8940","higherGeography":"North
        Atlantic Ocean","higherGeographyID":"http:\/\/marineregions.org\/mrgid\/1912","recordStatus":"valid","typeStatus":null,"establishmentMeans":null,"decimalLatitude":null,"decimalLongitude":null,"qualityStatus":"unreviewed"},{"locality":"Belgian
        Exclusive Economic Zone","locationID":"http:\/\/marineregions.org\/mrgid\/3293","higherGeography":"Belgium","higherGeographyID":"http:\/\/marineregions.org\/mrgid\/14","recordStatus":"valid","typeStatus":null,"establishmentMeans":null,"decimalLatitude":null,"decimalLongitude":null,"qualityStatus":"unreviewed"},{"locality":"Zeeschelde","locationID":"http:\/\/marineregions.org\/mrgid\/2546","higherGeography":"North
        Sea","higherGeographyID":"http:\/\/marineregions.org\/mrgid\/2350","recordStatus":"valid","typeStatus":null,"establishmentMeans":null,"decimalLatitude":null,"decimalLongitude":null,"qualityStatus":"unreviewed"},{"locality":"Zeeschelde","locationID":"http:\/\/marineregions.org\/mrgid\/2546","higherGeography":"North
        Sea","higherGeographyID":"http:\/\/marineregions.org\/mrgid\/2350","recordStatus":"valid","typeStatus":null,"establishmentMeans":null,"decimalLatitude":null,"decimalLongitude":null,"qualityStatus":"unreviewed"},{"locality":"Zeeschelde","locationID":"http:\/\/marineregions.org\/mrgid\/2546","higherGeography":"North
        Sea","higherGeographyID":"http:\/\/marineregions.org\/mrgid\/2350","recordStatus":"valid","typeStatus":null,"establishmentMeans":null,"decimalLatitude":null,"decimalLongitude":null,"qualityStatus":"unreviewed"},{"locality":"Oostduinkerke","locationID":"http:\/\/marineregions.org\/mrgid\/14804","higherGeography":"Belgium","higherGeographyID":"http:\/\/marineregions.org\/mrgid\/14","recordStatus":"valid","typeStatus":null,"establishmentMeans":null,"decimalLatitude":null,"decimalLongitude":null,"qualityStatus":"unreviewed"},{"locality":"Gulf
        of St. Lawrence","locationID":"http:\/\/marineregions.org\/mrgid\/4290","higherGeography":"Gulf
        of Saint Lawrence","higherGeographyID":"http:\/\/marineregions.org\/mrgid\/4290","recordStatus":"valid","typeStatus":null,"establishmentMeans":null,"decimalLatitude":null,"decimalLongitude":null,"qualityStatus":"trusted"},{"locality":"Gulf
        of Maine","locationID":"http:\/\/marineregions.org\/mrgid\/8940","higherGeography":"North
        Atlantic Ocean","higherGeographyID":"http:\/\/marineregions.org\/mrgid\/1912","recordStatus":"valid","typeStatus":null,"establishmentMeans":null,"decimalLatitude":null,"decimalLongitude":null,"qualityStatus":"unreviewed"},{"locality":"Portuguese
        Exclusive Economic Zone","locationID":"http:\/\/marineregions.org\/mrgid\/5688","higherGeography":"Portugal","higherGeographyID":"http:\/\/marineregions.org\/mrgid\/2243","recordStatus":"valid","typeStatus":null,"establishmentMeans":null,"decimalLatitude":null,"decimalLongitude":null,"qualityStatus":"unreviewed"},{"locality":"Spanish
        Exclusive Economic Zone","locationID":"http:\/\/marineregions.org\/mrgid\/5693","higherGeography":"Spain","higherGeographyID":"http:\/\/marineregions.org\/mrgid\/2185","recordStatus":"valid","typeStatus":null,"establishmentMeans":null,"decimalLatitude":null,"decimalLongitude":null,"qualityStatus":"unreviewed"},{"locality":"Irish
        Exclusive economic Zone","locationID":"http:\/\/marineregions.org\/mrgid\/5681","higherGeography":"Ireland","higherGeographyID":"http:\/\/marineregions.org\/mrgid\/2114","recordStatus":"valid","typeStatus":null,"establishmentMeans":null,"decimalLatitude":null,"decimalLongitude":null,"qualityStatus":"unreviewed"},{"locality":"Polish
        Exclusive Economic Zone","locationID":"http:\/\/marineregions.org\/mrgid\/5687","higherGeography":"Poland","higherGeographyID":"http:\/\/marineregions.org\/mrgid\/2244","recordStatus":"valid","typeStatus":null,"establishmentMeans":null,"decimalLatitude":null,"decimalLongitude":null,"qualityStatus":"unreviewed"},{"locality":"Davis
        Strait","locationID":"http:\/\/marineregions.org\/mrgid\/4250","higherGeography":"Davis
        Strait","higherGeographyID":"http:\/\/marineregions.org\/mrgid\/4250","recordStatus":"valid","typeStatus":null,"establishmentMeans":null,"decimalLatitude":null,"decimalLongitude":null,"qualityStatus":"unreviewed"},{"locality":"FAO
        fishing area 21","locationID":"http:\/\/marineregions.org\/mrgid\/8748","higherGeography":null,"higherGeographyID":null,"recordStatus":"valid","typeStatus":null,"establishmentMeans":null,"decimalLatitude":null,"decimalLongitude":null,"qualityStatus":"unreviewed"},{"locality":"Hudson
        Strait","locationID":"http:\/\/marineregions.org\/mrgid\/4251","higherGeography":"Hudson
        Strait","higherGeographyID":"http:\/\/marineregions.org\/mrgid\/4251","recordStatus":"valid","typeStatus":null,"establishmentMeans":null,"decimalLatitude":null,"decimalLongitude":null,"qualityStatus":"unreviewed"},{"locality":"Zeeschelde","locationID":"http:\/\/marineregions.org\/mrgid\/2546","higherGeography":"North
        Sea","higherGeographyID":"http:\/\/marineregions.org\/mrgid\/2350","recordStatus":"valid","typeStatus":null,"establishmentMeans":null,"decimalLatitude":null,"decimalLongitude":null,"qualityStatus":"unreviewed"},{"locality":"Gulf
        of St. Lawrence","locationID":"http:\/\/marineregions.org\/mrgid\/4290","higherGeography":"Gulf
        of Saint Lawrence","higherGeographyID":"http:\/\/marineregions.org\/mrgid\/4290","recordStatus":"valid","typeStatus":null,"establishmentMeans":null,"decimalLatitude":null,"decimalLongitude":null,"qualityStatus":"unreviewed"},{"locality":"Swedish
        Exclusive Economic Zone","locationID":"http:\/\/marineregions.org\/mrgid\/5694","higherGeography":"Sweden","higherGeographyID":"http:\/\/marineregions.org\/mrgid\/2180","recordStatus":"valid","typeStatus":null,"establishmentMeans":null,"decimalLatitude":null,"decimalLongitude":null,"qualityStatus":"unreviewed"},{"locality":"OSPAR
        Region I (Arctic)","locationID":"http:\/\/marineregions.org\/mrgid\/33321","higherGeography":"North
        Atlantic Ocean","higherGeographyID":"http:\/\/marineregions.org\/mrgid\/1912","recordStatus":"valid","typeStatus":null,"establishmentMeans":null,"decimalLatitude":null,"decimalLongitude":null,"qualityStatus":"unreviewed"},{"locality":"OSPAR
        Region II (Greater North Sea)","locationID":"http:\/\/marineregions.org\/mrgid\/33322","higherGeography":"North
        Atlantic Ocean","higherGeographyID":"http:\/\/marineregions.org\/mrgid\/1912","recordStatus":"valid","typeStatus":null,"establishmentMeans":null,"decimalLatitude":null,"decimalLongitude":null,"qualityStatus":"unreviewed"},{"locality":"OSPAR
        Region III (Celtic Seas)","locationID":"http:\/\/marineregions.org\/mrgid\/33323","higherGeography":"North
        Atlantic Ocean","higherGeographyID":"http:\/\/marineregions.org\/mrgid\/1912","recordStatus":"valid","typeStatus":null,"establishmentMeans":null,"decimalLatitude":null,"decimalLongitude":null,"qualityStatus":"unreviewed"},{"locality":"OSPAR
        Region IV (Bay of Biscay\/Golfe de Gascogne & Iberian coasts)","locationID":"http:\/\/marineregions.org\/mrgid\/33324","higherGeography":"North
        Atlantic Ocean","higherGeographyID":"http:\/\/marineregions.org\/mrgid\/1912","recordStatus":"valid","typeStatus":null,"establishmentMeans":null,"decimalLatitude":null,"decimalLongitude":null,"qualityStatus":"unreviewed"},{"locality":"OSPAR
        Region V (Wider Atlantic)","locationID":"http:\/\/marineregions.org\/mrgid\/33325","higherGeography":"North
        Atlantic Ocean","higherGeographyID":"http:\/\/marineregions.org\/mrgid\/1912","recordStatus":"valid","typeStatus":null,"establishmentMeans":null,"decimalLatitude":null,"decimalLongitude":null,"qualityStatus":"unreviewed"}]'
  recorded_at: 2018-04-26 19:18:53 GMT
  recorded_with: vcr/0.0.8.9231
- request:
    method: get
    uri: http://www.marinespecies.org/rest/AphiaDistributionsByAphiaID/156806
    body:
      encoding: ''
      string: ''
    headers:
      User-Agent: libcurl/7.54.0 r-curl/3.2 crul/0.5.2
      Accept-Encoding: gzip, deflate
      Accept: application/json, text/xml, application/xml, */*
  response:
    status: ~
    headers:
      status: HTTP/1.1 200 OK
      date: Thu, 26 Apr 2018 18:47:19 GMT
      server: Apache/2.4.25 (Win32) PHP/5.6.29
      x-powered-by: PHP/5.6.29
      access-control-allow-origin: '*'
      access-control-allow-headers: X-Requested-With, Content-Type, Accept, Origin,
        Authorization
      access-control-allow-methods: GET, POST, OPTIONS
      content-length: '1346'
      content-type: application/json;charset=utf-8
      set-cookie: vliz_webc=vliz_webc1; path=/
    body:
      encoding: UTF-8
      string: '[{"locality":"North West Atlantic","locationID":"http:\/\/marineregions.org\/mrgid\/7135","higherGeography":"North
        Atlantic Ocean","higherGeographyID":"http:\/\/marineregions.org\/mrgid\/1912","recordStatus":"valid","typeStatus":null,"establishmentMeans":null,"decimalLatitude":null,"decimalLongitude":null,"qualityStatus":"unreviewed"},{"locality":"Gulf
        of Maine","locationID":"http:\/\/marineregions.org\/mrgid\/8940","higherGeography":"North
        Atlantic Ocean","higherGeographyID":"http:\/\/marineregions.org\/mrgid\/1912","recordStatus":"valid","typeStatus":null,"establishmentMeans":null,"decimalLatitude":null,"decimalLongitude":null,"qualityStatus":"unreviewed"},{"locality":"St.
        Lawrence Estuary","locationID":"http:\/\/marineregions.org\/mrgid\/23554","higherGeography":"Gulf
        of Saint Lawrence","higherGeographyID":"http:\/\/marineregions.org\/mrgid\/4290","recordStatus":"valid","typeStatus":null,"establishmentMeans":null,"decimalLatitude":null,"decimalLongitude":null,"qualityStatus":"unreviewed"},{"locality":"Gulf
        of St. Lawrence","locationID":"http:\/\/marineregions.org\/mrgid\/4290","higherGeography":"Gulf
        of Saint Lawrence","higherGeographyID":"http:\/\/marineregions.org\/mrgid\/4290","recordStatus":"valid","typeStatus":null,"establishmentMeans":null,"decimalLatitude":null,"decimalLongitude":null,"qualityStatus":"unreviewed"}]'
  recorded_at: 2018-04-26 19:18:53 GMT
  recorded_with: vcr/0.0.8.9231
- request:
    method: get
    uri: http://www.marinespecies.org/rest/AphiaDistributionsByAphiaID/126436
    body:
      encoding: ''
      string: ''
    headers:
      User-Agent: libcurl/7.54.0 r-curl/3.2 crul/0.5.2
      Accept-Encoding: gzip, deflate
      Accept: application/json, text/xml, application/xml, */*
  response:
    status: ~
    headers:
      status: HTTP/1.1 200 OK
      date: Thu, 26 Apr 2018 18:47:19 GMT
      server: Apache/2.4.25 (Win32) PHP/5.6.29
      x-powered-by: PHP/5.6.29
      access-control-allow-origin: '*'
      access-control-allow-headers: X-Requested-With, Content-Type, Accept, Origin,
        Authorization
      access-control-allow-methods: GET, POST, OPTIONS
      transfer-encoding: chunked
      content-type: application/json;charset=utf-8
      set-cookie: vliz_webc=vliz_webc1; path=/
    body:
      encoding: UTF-8
      string: '[{"locality":"European waters (ERMS scope)","locationID":"http:\/\/marineregions.org\/mrgid\/7130","higherGeography":"North
        Atlantic Ocean","higherGeographyID":"http:\/\/marineregions.org\/mrgid\/1912","recordStatus":"valid","typeStatus":null,"establishmentMeans":null,"decimalLatitude":null,"decimalLongitude":null,"qualityStatus":"unreviewed"},{"locality":"North
        West Atlantic","locationID":"http:\/\/marineregions.org\/mrgid\/7135","higherGeography":"North
        Atlantic Ocean","higherGeographyID":"http:\/\/marineregions.org\/mrgid\/1912","recordStatus":"valid","typeStatus":null,"establishmentMeans":null,"decimalLatitude":null,"decimalLongitude":null,"qualityStatus":"unreviewed"},{"locality":"Belgian
        Exclusive Economic Zone","locationID":"http:\/\/marineregions.org\/mrgid\/3293","higherGeography":"Belgium","higherGeographyID":"http:\/\/marineregions.org\/mrgid\/14","recordStatus":"valid","typeStatus":null,"establishmentMeans":null,"decimalLatitude":null,"decimalLongitude":null,"qualityStatus":"unreviewed"},{"locality":"Westerschelde","locationID":"http:\/\/marineregions.org\/mrgid\/4752","higherGeography":"North
        Sea","higherGeographyID":"http:\/\/marineregions.org\/mrgid\/2350","recordStatus":"valid","typeStatus":null,"establishmentMeans":null,"decimalLatitude":null,"decimalLongitude":null,"qualityStatus":"unreviewed"},{"locality":"Westerschelde","locationID":"http:\/\/marineregions.org\/mrgid\/4752","higherGeography":"North
        Sea","higherGeographyID":"http:\/\/marineregions.org\/mrgid\/2350","recordStatus":"valid","typeStatus":null,"establishmentMeans":null,"decimalLatitude":null,"decimalLongitude":null,"qualityStatus":"unreviewed"},{"locality":"Birkenfels
        (shipwreck)","locationID":"http:\/\/marineregions.org\/mrgid\/17401","higherGeography":"North
        Sea","higherGeographyID":"http:\/\/marineregions.org\/mrgid\/2350","recordStatus":"valid","typeStatus":null,"establishmentMeans":null,"decimalLatitude":null,"decimalLongitude":null,"qualityStatus":"unreviewed"},{"locality":"British
        Isles","locationID":"http:\/\/marineregions.org\/mrgid\/3140","higherGeography":"North
        Atlantic Ocean","higherGeographyID":"http:\/\/marineregions.org\/mrgid\/1912","recordStatus":"valid","typeStatus":null,"establishmentMeans":null,"decimalLatitude":null,"decimalLongitude":null,"qualityStatus":"unreviewed"},{"locality":"Grevelingen","locationID":"http:\/\/marineregions.org\/mrgid\/17605","higherGeography":"Netherlands","higherGeographyID":"http:\/\/marineregions.org\/mrgid\/15","recordStatus":"valid","typeStatus":null,"establishmentMeans":null,"decimalLatitude":null,"decimalLongitude":null,"qualityStatus":"unreviewed"},{"locality":"Dutch
        Exclusive  Economic Zone","locationID":"http:\/\/marineregions.org\/mrgid\/5668","higherGeography":"Netherlands","higherGeographyID":"http:\/\/marineregions.org\/mrgid\/15","recordStatus":"valid","typeStatus":null,"establishmentMeans":null,"decimalLatitude":null,"decimalLongitude":null,"qualityStatus":"unreviewed"},{"locality":"Oosterschelde","locationID":"http:\/\/marineregions.org\/mrgid\/5332","higherGeography":"North
        Sea","higherGeographyID":"http:\/\/marineregions.org\/mrgid\/2350","recordStatus":"valid","typeStatus":null,"establishmentMeans":null,"decimalLatitude":null,"decimalLongitude":null,"qualityStatus":"unreviewed"},{"locality":"Oosterschelde","locationID":"http:\/\/marineregions.org\/mrgid\/5332","higherGeography":"North
        Sea","higherGeographyID":"http:\/\/marineregions.org\/mrgid\/2350","recordStatus":"valid","typeStatus":null,"establishmentMeans":null,"decimalLatitude":null,"decimalLongitude":null,"qualityStatus":"unreviewed"},{"locality":"Voordelta","locationID":"http:\/\/marineregions.org\/mrgid\/14324","higherGeography":"North
        Sea","higherGeographyID":"http:\/\/marineregions.org\/mrgid\/2350","recordStatus":"valid","typeStatus":null,"establishmentMeans":null,"decimalLatitude":null,"decimalLongitude":null,"qualityStatus":"unreviewed"},{"locality":"Voordelta","locationID":"http:\/\/marineregions.org\/mrgid\/14324","higherGeography":"North
        Sea","higherGeographyID":"http:\/\/marineregions.org\/mrgid\/2350","recordStatus":"valid","typeStatus":null,"establishmentMeans":null,"decimalLatitude":null,"decimalLongitude":null,"qualityStatus":"unreviewed"},{"locality":"Wimereux","locationID":"http:\/\/marineregions.org\/mrgid\/979","higherGeography":"France","higherGeographyID":"http:\/\/marineregions.org\/mrgid\/17","recordStatus":"valid","typeStatus":null,"establishmentMeans":null,"decimalLatitude":null,"decimalLongitude":null,"qualityStatus":"unreviewed"},{"locality":"Gulf
        of Maine","locationID":"http:\/\/marineregions.org\/mrgid\/8940","higherGeography":"North
        Atlantic Ocean","higherGeographyID":"http:\/\/marineregions.org\/mrgid\/1912","recordStatus":"valid","typeStatus":null,"establishmentMeans":null,"decimalLatitude":null,"decimalLongitude":null,"qualityStatus":"unreviewed"},{"locality":"Belgian
        Exclusive Economic Zone","locationID":"http:\/\/marineregions.org\/mrgid\/3293","higherGeography":"Belgium","higherGeographyID":"http:\/\/marineregions.org\/mrgid\/14","recordStatus":"valid","typeStatus":null,"establishmentMeans":null,"decimalLatitude":null,"decimalLongitude":null,"qualityStatus":"unreviewed"},{"locality":"Zeeschelde","locationID":"http:\/\/marineregions.org\/mrgid\/2546","higherGeography":"North
        Sea","higherGeographyID":"http:\/\/marineregions.org\/mrgid\/2350","recordStatus":"valid","typeStatus":null,"establishmentMeans":null,"decimalLatitude":null,"decimalLongitude":null,"qualityStatus":"unreviewed"},{"locality":"Zeeschelde","locationID":"http:\/\/marineregions.org\/mrgid\/2546","higherGeography":"North
        Sea","higherGeographyID":"http:\/\/marineregions.org\/mrgid\/2350","recordStatus":"valid","typeStatus":null,"establishmentMeans":null,"decimalLatitude":null,"decimalLongitude":null,"qualityStatus":"unreviewed"},{"locality":"Zeeschelde","locationID":"http:\/\/marineregions.org\/mrgid\/2546","higherGeography":"North
        Sea","higherGeographyID":"http:\/\/marineregions.org\/mrgid\/2350","recordStatus":"valid","typeStatus":null,"establishmentMeans":null,"decimalLatitude":null,"decimalLongitude":null,"qualityStatus":"unreviewed"},{"locality":"Oostduinkerke","locationID":"http:\/\/marineregions.org\/mrgid\/14804","higherGeography":"Belgium","higherGeographyID":"http:\/\/marineregions.org\/mrgid\/14","recordStatus":"valid","typeStatus":null,"establishmentMeans":null,"decimalLatitude":null,"decimalLongitude":null,"qualityStatus":"unreviewed"},{"locality":"Gulf
        of St. Lawrence","locationID":"http:\/\/marineregions.org\/mrgid\/4290","higherGeography":"Gulf
        of Saint Lawrence","higherGeographyID":"http:\/\/marineregions.org\/mrgid\/4290","recordStatus":"valid","typeStatus":null,"establishmentMeans":null,"decimalLatitude":null,"decimalLongitude":null,"qualityStatus":"trusted"},{"locality":"Gulf
        of Maine","locationID":"http:\/\/marineregions.org\/mrgid\/8940","higherGeography":"North
        Atlantic Ocean","higherGeographyID":"http:\/\/marineregions.org\/mrgid\/1912","recordStatus":"valid","typeStatus":null,"establishmentMeans":null,"decimalLatitude":null,"decimalLongitude":null,"qualityStatus":"unreviewed"},{"locality":"Portuguese
        Exclusive Economic Zone","locationID":"http:\/\/marineregions.org\/mrgid\/5688","higherGeography":"Portugal","higherGeographyID":"http:\/\/marineregions.org\/mrgid\/2243","recordStatus":"valid","typeStatus":null,"establishmentMeans":null,"decimalLatitude":null,"decimalLongitude":null,"qualityStatus":"unreviewed"},{"locality":"Spanish
        Exclusive Economic Zone","locationID":"http:\/\/marineregions.org\/mrgid\/5693","higherGeography":"Spain","higherGeographyID":"http:\/\/marineregions.org\/mrgid\/2185","recordStatus":"valid","typeStatus":null,"establishmentMeans":null,"decimalLatitude":null,"decimalLongitude":null,"qualityStatus":"unreviewed"},{"locality":"Irish
        Exclusive economic Zone","locationID":"http:\/\/marineregions.org\/mrgid\/5681","higherGeography":"Ireland","higherGeographyID":"http:\/\/marineregions.org\/mrgid\/2114","recordStatus":"valid","typeStatus":null,"establishmentMeans":null,"decimalLatitude":null,"decimalLongitude":null,"qualityStatus":"unreviewed"},{"locality":"Polish
        Exclusive Economic Zone","locationID":"http:\/\/marineregions.org\/mrgid\/5687","higherGeography":"Poland","higherGeographyID":"http:\/\/marineregions.org\/mrgid\/2244","recordStatus":"valid","typeStatus":null,"establishmentMeans":null,"decimalLatitude":null,"decimalLongitude":null,"qualityStatus":"unreviewed"},{"locality":"Davis
        Strait","locationID":"http:\/\/marineregions.org\/mrgid\/4250","higherGeography":"Davis
        Strait","higherGeographyID":"http:\/\/marineregions.org\/mrgid\/4250","recordStatus":"valid","typeStatus":null,"establishmentMeans":null,"decimalLatitude":null,"decimalLongitude":null,"qualityStatus":"unreviewed"},{"locality":"FAO
        fishing area 21","locationID":"http:\/\/marineregions.org\/mrgid\/8748","higherGeography":null,"higherGeographyID":null,"recordStatus":"valid","typeStatus":null,"establishmentMeans":null,"decimalLatitude":null,"decimalLongitude":null,"qualityStatus":"unreviewed"},{"locality":"Hudson
        Strait","locationID":"http:\/\/marineregions.org\/mrgid\/4251","higherGeography":"Hudson
        Strait","higherGeographyID":"http:\/\/marineregions.org\/mrgid\/4251","recordStatus":"valid","typeStatus":null,"establishmentMeans":null,"decimalLatitude":null,"decimalLongitude":null,"qualityStatus":"unreviewed"},{"locality":"Zeeschelde","locationID":"http:\/\/marineregions.org\/mrgid\/2546","higherGeography":"North
        Sea","higherGeographyID":"http:\/\/marineregions.org\/mrgid\/2350","recordStatus":"valid","typeStatus":null,"establishmentMeans":null,"decimalLatitude":null,"decimalLongitude":null,"qualityStatus":"unreviewed"},{"locality":"Gulf
        of St. Lawrence","locationID":"http:\/\/marineregions.org\/mrgid\/4290","higherGeography":"Gulf
        of Saint Lawrence","higherGeographyID":"http:\/\/marineregions.org\/mrgid\/4290","recordStatus":"valid","typeStatus":null,"establishmentMeans":null,"decimalLatitude":null,"decimalLongitude":null,"qualityStatus":"unreviewed"},{"locality":"Swedish
        Exclusive Economic Zone","locationID":"http:\/\/marineregions.org\/mrgid\/5694","higherGeography":"Sweden","higherGeographyID":"http:\/\/marineregions.org\/mrgid\/2180","recordStatus":"valid","typeStatus":null,"establishmentMeans":null,"decimalLatitude":null,"decimalLongitude":null,"qualityStatus":"unreviewed"},{"locality":"OSPAR
        Region I (Arctic)","locationID":"http:\/\/marineregions.org\/mrgid\/33321","higherGeography":"North
        Atlantic Ocean","higherGeographyID":"http:\/\/marineregions.org\/mrgid\/1912","recordStatus":"valid","typeStatus":null,"establishmentMeans":null,"decimalLatitude":null,"decimalLongitude":null,"qualityStatus":"unreviewed"},{"locality":"OSPAR
        Region II (Greater North Sea)","locationID":"http:\/\/marineregions.org\/mrgid\/33322","higherGeography":"North
        Atlantic Ocean","higherGeographyID":"http:\/\/marineregions.org\/mrgid\/1912","recordStatus":"valid","typeStatus":null,"establishmentMeans":null,"decimalLatitude":null,"decimalLongitude":null,"qualityStatus":"unreviewed"},{"locality":"OSPAR
        Region III (Celtic Seas)","locationID":"http:\/\/marineregions.org\/mrgid\/33323","higherGeography":"North
        Atlantic Ocean","higherGeographyID":"http:\/\/marineregions.org\/mrgid\/1912","recordStatus":"valid","typeStatus":null,"establishmentMeans":null,"decimalLatitude":null,"decimalLongitude":null,"qualityStatus":"unreviewed"},{"locality":"OSPAR
        Region IV (Bay of Biscay\/Golfe de Gascogne & Iberian coasts)","locationID":"http:\/\/marineregions.org\/mrgid\/33324","higherGeography":"North
        Atlantic Ocean","higherGeographyID":"http:\/\/marineregions.org\/mrgid\/1912","recordStatus":"valid","typeStatus":null,"establishmentMeans":null,"decimalLatitude":null,"decimalLongitude":null,"qualityStatus":"unreviewed"},{"locality":"OSPAR
        Region V (Wider Atlantic)","locationID":"http:\/\/marineregions.org\/mrgid\/33325","higherGeography":"North
        Atlantic Ocean","higherGeographyID":"http:\/\/marineregions.org\/mrgid\/1912","recordStatus":"valid","typeStatus":null,"establishmentMeans":null,"decimalLatitude":null,"decimalLongitude":null,"qualityStatus":"unreviewed"}]'
  recorded_at: 2018-04-26 19:18:53 GMT
  recorded_with: vcr/0.0.8.9231
- request:
    method: get
    uri: http://www.marinespecies.org/rest/AphiaDistributionsByAphiaID/156806
    body:
      encoding: ''
      string: ''
    headers:
      User-Agent: libcurl/7.54.0 r-curl/3.2 crul/0.5.2
      Accept-Encoding: gzip, deflate
      Accept: application/json, text/xml, application/xml, */*
  response:
    status: ~
    headers:
      status: HTTP/1.1 200 OK
      date: Thu, 26 Apr 2018 18:47:22 GMT
      server: Apache/2.4.25 (Win32) PHP/5.6.29
      x-powered-by: PHP/5.6.29
      access-control-allow-origin: '*'
      access-control-allow-headers: X-Requested-With, Content-Type, Accept, Origin,
        Authorization
      access-control-allow-methods: GET, POST, OPTIONS
      content-length: '1346'
      content-type: application/json;charset=utf-8
      set-cookie: vliz_webc=vliz_webc1; path=/
    body:
      encoding: UTF-8
      string: '[{"locality":"North West Atlantic","locationID":"http:\/\/marineregions.org\/mrgid\/7135","higherGeography":"North
        Atlantic Ocean","higherGeographyID":"http:\/\/marineregions.org\/mrgid\/1912","recordStatus":"valid","typeStatus":null,"establishmentMeans":null,"decimalLatitude":null,"decimalLongitude":null,"qualityStatus":"unreviewed"},{"locality":"Gulf
        of Maine","locationID":"http:\/\/marineregions.org\/mrgid\/8940","higherGeography":"North
        Atlantic Ocean","higherGeographyID":"http:\/\/marineregions.org\/mrgid\/1912","recordStatus":"valid","typeStatus":null,"establishmentMeans":null,"decimalLatitude":null,"decimalLongitude":null,"qualityStatus":"unreviewed"},{"locality":"St.
        Lawrence Estuary","locationID":"http:\/\/marineregions.org\/mrgid\/23554","higherGeography":"Gulf
        of Saint Lawrence","higherGeographyID":"http:\/\/marineregions.org\/mrgid\/4290","recordStatus":"valid","typeStatus":null,"establishmentMeans":null,"decimalLatitude":null,"decimalLongitude":null,"qualityStatus":"unreviewed"},{"locality":"Gulf
        of St. Lawrence","locationID":"http:\/\/marineregions.org\/mrgid\/4290","higherGeography":"Gulf
        of Saint Lawrence","higherGeographyID":"http:\/\/marineregions.org\/mrgid\/4290","recordStatus":"valid","typeStatus":null,"establishmentMeans":null,"decimalLatitude":null,"decimalLongitude":null,"qualityStatus":"unreviewed"}]'
  recorded_at: 2018-04-26 19:18:53 GMT
  recorded_with: vcr/0.0.8.9231
- request:
    method: get
    uri: http://www.marinespecies.org/rest/AphiaDistributionsByAphiaID/126436
    body:
      encoding: ''
      string: ''
    headers:
      User-Agent: libcurl/7.54.0 r-curl/3.2 crul/0.5.2
      Accept-Encoding: gzip, deflate
      Accept: application/json, text/xml, application/xml, */*
  response:
    status: ~
    headers:
      status: HTTP/1.1 200 OK
      date: Thu, 26 Apr 2018 18:47:23 GMT
      server: Apache/2.4.25 (Win32) PHP/5.6.29
      x-powered-by: PHP/5.6.29
      access-control-allow-origin: '*'
      access-control-allow-headers: X-Requested-With, Content-Type, Accept, Origin,
        Authorization
      access-control-allow-methods: GET, POST, OPTIONS
      transfer-encoding: chunked
      content-type: application/json;charset=utf-8
      set-cookie: vliz_webc=vliz_webc2; path=/
    body:
      encoding: UTF-8
      string: '[{"locality":"European waters (ERMS scope)","locationID":"http:\/\/marineregions.org\/mrgid\/7130","higherGeography":"North
        Atlantic Ocean","higherGeographyID":"http:\/\/marineregions.org\/mrgid\/1912","recordStatus":"valid","typeStatus":null,"establishmentMeans":null,"decimalLatitude":null,"decimalLongitude":null,"qualityStatus":"unreviewed"},{"locality":"North
        West Atlantic","locationID":"http:\/\/marineregions.org\/mrgid\/7135","higherGeography":"North
        Atlantic Ocean","higherGeographyID":"http:\/\/marineregions.org\/mrgid\/1912","recordStatus":"valid","typeStatus":null,"establishmentMeans":null,"decimalLatitude":null,"decimalLongitude":null,"qualityStatus":"unreviewed"},{"locality":"Belgian
        Exclusive Economic Zone","locationID":"http:\/\/marineregions.org\/mrgid\/3293","higherGeography":"Belgium","higherGeographyID":"http:\/\/marineregions.org\/mrgid\/14","recordStatus":"valid","typeStatus":null,"establishmentMeans":null,"decimalLatitude":null,"decimalLongitude":null,"qualityStatus":"unreviewed"},{"locality":"Westerschelde","locationID":"http:\/\/marineregions.org\/mrgid\/4752","higherGeography":"North
        Sea","higherGeographyID":"http:\/\/marineregions.org\/mrgid\/2350","recordStatus":"valid","typeStatus":null,"establishmentMeans":null,"decimalLatitude":null,"decimalLongitude":null,"qualityStatus":"unreviewed"},{"locality":"Westerschelde","locationID":"http:\/\/marineregions.org\/mrgid\/4752","higherGeography":"North
        Sea","higherGeographyID":"http:\/\/marineregions.org\/mrgid\/2350","recordStatus":"valid","typeStatus":null,"establishmentMeans":null,"decimalLatitude":null,"decimalLongitude":null,"qualityStatus":"unreviewed"},{"locality":"Birkenfels
        (shipwreck)","locationID":"http:\/\/marineregions.org\/mrgid\/17401","higherGeography":"North
        Sea","higherGeographyID":"http:\/\/marineregions.org\/mrgid\/2350","recordStatus":"valid","typeStatus":null,"establishmentMeans":null,"decimalLatitude":null,"decimalLongitude":null,"qualityStatus":"unreviewed"},{"locality":"British
        Isles","locationID":"http:\/\/marineregions.org\/mrgid\/3140","higherGeography":"North
        Atlantic Ocean","higherGeographyID":"http:\/\/marineregions.org\/mrgid\/1912","recordStatus":"valid","typeStatus":null,"establishmentMeans":null,"decimalLatitude":null,"decimalLongitude":null,"qualityStatus":"unreviewed"},{"locality":"Grevelingen","locationID":"http:\/\/marineregions.org\/mrgid\/17605","higherGeography":"Netherlands","higherGeographyID":"http:\/\/marineregions.org\/mrgid\/15","recordStatus":"valid","typeStatus":null,"establishmentMeans":null,"decimalLatitude":null,"decimalLongitude":null,"qualityStatus":"unreviewed"},{"locality":"Dutch
        Exclusive  Economic Zone","locationID":"http:\/\/marineregions.org\/mrgid\/5668","higherGeography":"Netherlands","higherGeographyID":"http:\/\/marineregions.org\/mrgid\/15","recordStatus":"valid","typeStatus":null,"establishmentMeans":null,"decimalLatitude":null,"decimalLongitude":null,"qualityStatus":"unreviewed"},{"locality":"Oosterschelde","locationID":"http:\/\/marineregions.org\/mrgid\/5332","higherGeography":"North
        Sea","higherGeographyID":"http:\/\/marineregions.org\/mrgid\/2350","recordStatus":"valid","typeStatus":null,"establishmentMeans":null,"decimalLatitude":null,"decimalLongitude":null,"qualityStatus":"unreviewed"},{"locality":"Oosterschelde","locationID":"http:\/\/marineregions.org\/mrgid\/5332","higherGeography":"North
        Sea","higherGeographyID":"http:\/\/marineregions.org\/mrgid\/2350","recordStatus":"valid","typeStatus":null,"establishmentMeans":null,"decimalLatitude":null,"decimalLongitude":null,"qualityStatus":"unreviewed"},{"locality":"Voordelta","locationID":"http:\/\/marineregions.org\/mrgid\/14324","higherGeography":"North
        Sea","higherGeographyID":"http:\/\/marineregions.org\/mrgid\/2350","recordStatus":"valid","typeStatus":null,"establishmentMeans":null,"decimalLatitude":null,"decimalLongitude":null,"qualityStatus":"unreviewed"},{"locality":"Voordelta","locationID":"http:\/\/marineregions.org\/mrgid\/14324","higherGeography":"North
        Sea","higherGeographyID":"http:\/\/marineregions.org\/mrgid\/2350","recordStatus":"valid","typeStatus":null,"establishmentMeans":null,"decimalLatitude":null,"decimalLongitude":null,"qualityStatus":"unreviewed"},{"locality":"Wimereux","locationID":"http:\/\/marineregions.org\/mrgid\/979","higherGeography":"France","higherGeographyID":"http:\/\/marineregions.org\/mrgid\/17","recordStatus":"valid","typeStatus":null,"establishmentMeans":null,"decimalLatitude":null,"decimalLongitude":null,"qualityStatus":"unreviewed"},{"locality":"Gulf
        of Maine","locationID":"http:\/\/marineregions.org\/mrgid\/8940","higherGeography":"North
        Atlantic Ocean","higherGeographyID":"http:\/\/marineregions.org\/mrgid\/1912","recordStatus":"valid","typeStatus":null,"establishmentMeans":null,"decimalLatitude":null,"decimalLongitude":null,"qualityStatus":"unreviewed"},{"locality":"Belgian
        Exclusive Economic Zone","locationID":"http:\/\/marineregions.org\/mrgid\/3293","higherGeography":"Belgium","higherGeographyID":"http:\/\/marineregions.org\/mrgid\/14","recordStatus":"valid","typeStatus":null,"establishmentMeans":null,"decimalLatitude":null,"decimalLongitude":null,"qualityStatus":"unreviewed"},{"locality":"Zeeschelde","locationID":"http:\/\/marineregions.org\/mrgid\/2546","higherGeography":"North
        Sea","higherGeographyID":"http:\/\/marineregions.org\/mrgid\/2350","recordStatus":"valid","typeStatus":null,"establishmentMeans":null,"decimalLatitude":null,"decimalLongitude":null,"qualityStatus":"unreviewed"},{"locality":"Zeeschelde","locationID":"http:\/\/marineregions.org\/mrgid\/2546","higherGeography":"North
        Sea","higherGeographyID":"http:\/\/marineregions.org\/mrgid\/2350","recordStatus":"valid","typeStatus":null,"establishmentMeans":null,"decimalLatitude":null,"decimalLongitude":null,"qualityStatus":"unreviewed"},{"locality":"Zeeschelde","locationID":"http:\/\/marineregions.org\/mrgid\/2546","higherGeography":"North
        Sea","higherGeographyID":"http:\/\/marineregions.org\/mrgid\/2350","recordStatus":"valid","typeStatus":null,"establishmentMeans":null,"decimalLatitude":null,"decimalLongitude":null,"qualityStatus":"unreviewed"},{"locality":"Oostduinkerke","locationID":"http:\/\/marineregions.org\/mrgid\/14804","higherGeography":"Belgium","higherGeographyID":"http:\/\/marineregions.org\/mrgid\/14","recordStatus":"valid","typeStatus":null,"establishmentMeans":null,"decimalLatitude":null,"decimalLongitude":null,"qualityStatus":"unreviewed"},{"locality":"Gulf
        of St. Lawrence","locationID":"http:\/\/marineregions.org\/mrgid\/4290","higherGeography":"Gulf
        of Saint Lawrence","higherGeographyID":"http:\/\/marineregions.org\/mrgid\/4290","recordStatus":"valid","typeStatus":null,"establishmentMeans":null,"decimalLatitude":null,"decimalLongitude":null,"qualityStatus":"trusted"},{"locality":"Gulf
        of Maine","locationID":"http:\/\/marineregions.org\/mrgid\/8940","higherGeography":"North
        Atlantic Ocean","higherGeographyID":"http:\/\/marineregions.org\/mrgid\/1912","recordStatus":"valid","typeStatus":null,"establishmentMeans":null,"decimalLatitude":null,"decimalLongitude":null,"qualityStatus":"unreviewed"},{"locality":"Portuguese
        Exclusive Economic Zone","locationID":"http:\/\/marineregions.org\/mrgid\/5688","higherGeography":"Portugal","higherGeographyID":"http:\/\/marineregions.org\/mrgid\/2243","recordStatus":"valid","typeStatus":null,"establishmentMeans":null,"decimalLatitude":null,"decimalLongitude":null,"qualityStatus":"unreviewed"},{"locality":"Spanish
        Exclusive Economic Zone","locationID":"http:\/\/marineregions.org\/mrgid\/5693","higherGeography":"Spain","higherGeographyID":"http:\/\/marineregions.org\/mrgid\/2185","recordStatus":"valid","typeStatus":null,"establishmentMeans":null,"decimalLatitude":null,"decimalLongitude":null,"qualityStatus":"unreviewed"},{"locality":"Irish
        Exclusive economic Zone","locationID":"http:\/\/marineregions.org\/mrgid\/5681","higherGeography":"Ireland","higherGeographyID":"http:\/\/marineregions.org\/mrgid\/2114","recordStatus":"valid","typeStatus":null,"establishmentMeans":null,"decimalLatitude":null,"decimalLongitude":null,"qualityStatus":"unreviewed"},{"locality":"Polish
        Exclusive Economic Zone","locationID":"http:\/\/marineregions.org\/mrgid\/5687","higherGeography":"Poland","higherGeographyID":"http:\/\/marineregions.org\/mrgid\/2244","recordStatus":"valid","typeStatus":null,"establishmentMeans":null,"decimalLatitude":null,"decimalLongitude":null,"qualityStatus":"unreviewed"},{"locality":"Davis
        Strait","locationID":"http:\/\/marineregions.org\/mrgid\/4250","higherGeography":"Davis
        Strait","higherGeographyID":"http:\/\/marineregions.org\/mrgid\/4250","recordStatus":"valid","typeStatus":null,"establishmentMeans":null,"decimalLatitude":null,"decimalLongitude":null,"qualityStatus":"unreviewed"},{"locality":"FAO
        fishing area 21","locationID":"http:\/\/marineregions.org\/mrgid\/8748","higherGeography":null,"higherGeographyID":null,"recordStatus":"valid","typeStatus":null,"establishmentMeans":null,"decimalLatitude":null,"decimalLongitude":null,"qualityStatus":"unreviewed"},{"locality":"Hudson
        Strait","locationID":"http:\/\/marineregions.org\/mrgid\/4251","higherGeography":"Hudson
        Strait","higherGeographyID":"http:\/\/marineregions.org\/mrgid\/4251","recordStatus":"valid","typeStatus":null,"establishmentMeans":null,"decimalLatitude":null,"decimalLongitude":null,"qualityStatus":"unreviewed"},{"locality":"Zeeschelde","locationID":"http:\/\/marineregions.org\/mrgid\/2546","higherGeography":"North
        Sea","higherGeographyID":"http:\/\/marineregions.org\/mrgid\/2350","recordStatus":"valid","typeStatus":null,"establishmentMeans":null,"decimalLatitude":null,"decimalLongitude":null,"qualityStatus":"unreviewed"},{"locality":"Gulf
        of St. Lawrence","locationID":"http:\/\/marineregions.org\/mrgid\/4290","higherGeography":"Gulf
        of Saint Lawrence","higherGeographyID":"http:\/\/marineregions.org\/mrgid\/4290","recordStatus":"valid","typeStatus":null,"establishmentMeans":null,"decimalLatitude":null,"decimalLongitude":null,"qualityStatus":"unreviewed"},{"locality":"Swedish
        Exclusive Economic Zone","locationID":"http:\/\/marineregions.org\/mrgid\/5694","higherGeography":"Sweden","higherGeographyID":"http:\/\/marineregions.org\/mrgid\/2180","recordStatus":"valid","typeStatus":null,"establishmentMeans":null,"decimalLatitude":null,"decimalLongitude":null,"qualityStatus":"unreviewed"},{"locality":"OSPAR
        Region I (Arctic)","locationID":"http:\/\/marineregions.org\/mrgid\/33321","higherGeography":"North
        Atlantic Ocean","higherGeographyID":"http:\/\/marineregions.org\/mrgid\/1912","recordStatus":"valid","typeStatus":null,"establishmentMeans":null,"decimalLatitude":null,"decimalLongitude":null,"qualityStatus":"unreviewed"},{"locality":"OSPAR
        Region II (Greater North Sea)","locationID":"http:\/\/marineregions.org\/mrgid\/33322","higherGeography":"North
        Atlantic Ocean","higherGeographyID":"http:\/\/marineregions.org\/mrgid\/1912","recordStatus":"valid","typeStatus":null,"establishmentMeans":null,"decimalLatitude":null,"decimalLongitude":null,"qualityStatus":"unreviewed"},{"locality":"OSPAR
        Region III (Celtic Seas)","locationID":"http:\/\/marineregions.org\/mrgid\/33323","higherGeography":"North
        Atlantic Ocean","higherGeographyID":"http:\/\/marineregions.org\/mrgid\/1912","recordStatus":"valid","typeStatus":null,"establishmentMeans":null,"decimalLatitude":null,"decimalLongitude":null,"qualityStatus":"unreviewed"},{"locality":"OSPAR
        Region IV (Bay of Biscay\/Golfe de Gascogne & Iberian coasts)","locationID":"http:\/\/marineregions.org\/mrgid\/33324","higherGeography":"North
        Atlantic Ocean","higherGeographyID":"http:\/\/marineregions.org\/mrgid\/1912","recordStatus":"valid","typeStatus":null,"establishmentMeans":null,"decimalLatitude":null,"decimalLongitude":null,"qualityStatus":"unreviewed"},{"locality":"OSPAR
        Region V (Wider Atlantic)","locationID":"http:\/\/marineregions.org\/mrgid\/33325","higherGeography":"North
        Atlantic Ocean","higherGeographyID":"http:\/\/marineregions.org\/mrgid\/1912","recordStatus":"valid","typeStatus":null,"establishmentMeans":null,"decimalLatitude":null,"decimalLongitude":null,"qualityStatus":"unreviewed"}]'
  recorded_at: 2018-04-26 19:18:53 GMT
  recorded_with: vcr/0.0.8.9231
- request:
    method: get
    uri: http://www.marinespecies.org/rest/AphiaDistributionsByAphiaID/156806
    body:
      encoding: ''
      string: ''
    headers:
      User-Agent: libcurl/7.54.0 r-curl/3.2 crul/0.5.2
      Accept-Encoding: gzip, deflate
      Accept: application/json, text/xml, application/xml, */*
  response:
    status:
      status_code: '200'
      message: OK
      explanation: Request fulfilled, document follows
    headers:
      status: HTTP/1.1 200 OK
      date: Thu, 26 Apr 2018 19:18:52 GMT
      server: Apache/2.4.25 (Win32) PHP/5.6.29
      x-powered-by: PHP/5.6.29
      access-control-allow-origin: '*'
      access-control-allow-headers: X-Requested-With, Content-Type, Accept, Origin,
        Authorization
      access-control-allow-methods: GET, POST, OPTIONS
      content-length: '1346'
      content-type: application/json;charset=utf-8
      set-cookie: vliz_webc=vliz_webc2; path=/
    body:
      encoding: UTF-8
      string: '[{"locality":"North West Atlantic","locationID":"http:\/\/marineregions.org\/mrgid\/7135","higherGeography":"North
        Atlantic Ocean","higherGeographyID":"http:\/\/marineregions.org\/mrgid\/1912","recordStatus":"valid","typeStatus":null,"establishmentMeans":null,"decimalLatitude":null,"decimalLongitude":null,"qualityStatus":"unreviewed"},{"locality":"Gulf
        of Maine","locationID":"http:\/\/marineregions.org\/mrgid\/8940","higherGeography":"North
        Atlantic Ocean","higherGeographyID":"http:\/\/marineregions.org\/mrgid\/1912","recordStatus":"valid","typeStatus":null,"establishmentMeans":null,"decimalLatitude":null,"decimalLongitude":null,"qualityStatus":"unreviewed"},{"locality":"St.
        Lawrence Estuary","locationID":"http:\/\/marineregions.org\/mrgid\/23554","higherGeography":"Gulf
        of Saint Lawrence","higherGeographyID":"http:\/\/marineregions.org\/mrgid\/4290","recordStatus":"valid","typeStatus":null,"establishmentMeans":null,"decimalLatitude":null,"decimalLongitude":null,"qualityStatus":"unreviewed"},{"locality":"Gulf
        of St. Lawrence","locationID":"http:\/\/marineregions.org\/mrgid\/4290","higherGeography":"Gulf
        of Saint Lawrence","higherGeographyID":"http:\/\/marineregions.org\/mrgid\/4290","recordStatus":"valid","typeStatus":null,"establishmentMeans":null,"decimalLatitude":null,"decimalLongitude":null,"qualityStatus":"unreviewed"}]'
  recorded_at: 2018-04-26 19:18:53 GMT
  recorded_with: vcr/0.0.8.9231
- request:
    method: get
    uri: http://www.marinespecies.org/rest/AphiaDistributionsByAphiaID/126436
    body:
      encoding: ''
      string: ''
    headers:
      User-Agent: libcurl/7.54.0 r-curl/3.2 crul/0.5.2
      Accept-Encoding: gzip, deflate
      Accept: application/json, text/xml, application/xml, */*
  response:
    status:
      status_code: '200'
      message: OK
      explanation: Request fulfilled, document follows
    headers:
      status: HTTP/1.1 200 OK
      date: Thu, 26 Apr 2018 19:18:52 GMT
      server: Apache/2.4.25 (Win32) PHP/5.6.29
      x-powered-by: PHP/5.6.29
      access-control-allow-origin: '*'
      access-control-allow-headers: X-Requested-With, Content-Type, Accept, Origin,
        Authorization
      access-control-allow-methods: GET, POST, OPTIONS
      transfer-encoding: chunked
      content-type: application/json;charset=utf-8
      set-cookie: vliz_webc=vliz_webc2; path=/
    body:
      encoding: UTF-8
      string: '[{"locality":"European waters (ERMS scope)","locationID":"http:\/\/marineregions.org\/mrgid\/7130","higherGeography":"North
        Atlantic Ocean","higherGeographyID":"http:\/\/marineregions.org\/mrgid\/1912","recordStatus":"valid","typeStatus":null,"establishmentMeans":null,"decimalLatitude":null,"decimalLongitude":null,"qualityStatus":"unreviewed"},{"locality":"North
        West Atlantic","locationID":"http:\/\/marineregions.org\/mrgid\/7135","higherGeography":"North
        Atlantic Ocean","higherGeographyID":"http:\/\/marineregions.org\/mrgid\/1912","recordStatus":"valid","typeStatus":null,"establishmentMeans":null,"decimalLatitude":null,"decimalLongitude":null,"qualityStatus":"unreviewed"},{"locality":"Belgian
        Exclusive Economic Zone","locationID":"http:\/\/marineregions.org\/mrgid\/3293","higherGeography":"Belgium","higherGeographyID":"http:\/\/marineregions.org\/mrgid\/14","recordStatus":"valid","typeStatus":null,"establishmentMeans":null,"decimalLatitude":null,"decimalLongitude":null,"qualityStatus":"unreviewed"},{"locality":"Westerschelde","locationID":"http:\/\/marineregions.org\/mrgid\/4752","higherGeography":"North
        Sea","higherGeographyID":"http:\/\/marineregions.org\/mrgid\/2350","recordStatus":"valid","typeStatus":null,"establishmentMeans":null,"decimalLatitude":null,"decimalLongitude":null,"qualityStatus":"unreviewed"},{"locality":"Westerschelde","locationID":"http:\/\/marineregions.org\/mrgid\/4752","higherGeography":"North
        Sea","higherGeographyID":"http:\/\/marineregions.org\/mrgid\/2350","recordStatus":"valid","typeStatus":null,"establishmentMeans":null,"decimalLatitude":null,"decimalLongitude":null,"qualityStatus":"unreviewed"},{"locality":"Birkenfels
        (shipwreck)","locationID":"http:\/\/marineregions.org\/mrgid\/17401","higherGeography":"North
        Sea","higherGeographyID":"http:\/\/marineregions.org\/mrgid\/2350","recordStatus":"valid","typeStatus":null,"establishmentMeans":null,"decimalLatitude":null,"decimalLongitude":null,"qualityStatus":"unreviewed"},{"locality":"British
        Isles","locationID":"http:\/\/marineregions.org\/mrgid\/3140","higherGeography":"North
        Atlantic Ocean","higherGeographyID":"http:\/\/marineregions.org\/mrgid\/1912","recordStatus":"valid","typeStatus":null,"establishmentMeans":null,"decimalLatitude":null,"decimalLongitude":null,"qualityStatus":"unreviewed"},{"locality":"Grevelingen","locationID":"http:\/\/marineregions.org\/mrgid\/17605","higherGeography":"Netherlands","higherGeographyID":"http:\/\/marineregions.org\/mrgid\/15","recordStatus":"valid","typeStatus":null,"establishmentMeans":null,"decimalLatitude":null,"decimalLongitude":null,"qualityStatus":"unreviewed"},{"locality":"Dutch
        Exclusive  Economic Zone","locationID":"http:\/\/marineregions.org\/mrgid\/5668","higherGeography":"Netherlands","higherGeographyID":"http:\/\/marineregions.org\/mrgid\/15","recordStatus":"valid","typeStatus":null,"establishmentMeans":null,"decimalLatitude":null,"decimalLongitude":null,"qualityStatus":"unreviewed"},{"locality":"Oosterschelde","locationID":"http:\/\/marineregions.org\/mrgid\/5332","higherGeography":"North
        Sea","higherGeographyID":"http:\/\/marineregions.org\/mrgid\/2350","recordStatus":"valid","typeStatus":null,"establishmentMeans":null,"decimalLatitude":null,"decimalLongitude":null,"qualityStatus":"unreviewed"},{"locality":"Oosterschelde","locationID":"http:\/\/marineregions.org\/mrgid\/5332","higherGeography":"North
        Sea","higherGeographyID":"http:\/\/marineregions.org\/mrgid\/2350","recordStatus":"valid","typeStatus":null,"establishmentMeans":null,"decimalLatitude":null,"decimalLongitude":null,"qualityStatus":"unreviewed"},{"locality":"Voordelta","locationID":"http:\/\/marineregions.org\/mrgid\/14324","higherGeography":"North
        Sea","higherGeographyID":"http:\/\/marineregions.org\/mrgid\/2350","recordStatus":"valid","typeStatus":null,"establishmentMeans":null,"decimalLatitude":null,"decimalLongitude":null,"qualityStatus":"unreviewed"},{"locality":"Voordelta","locationID":"http:\/\/marineregions.org\/mrgid\/14324","higherGeography":"North
        Sea","higherGeographyID":"http:\/\/marineregions.org\/mrgid\/2350","recordStatus":"valid","typeStatus":null,"establishmentMeans":null,"decimalLatitude":null,"decimalLongitude":null,"qualityStatus":"unreviewed"},{"locality":"Wimereux","locationID":"http:\/\/marineregions.org\/mrgid\/979","higherGeography":"France","higherGeographyID":"http:\/\/marineregions.org\/mrgid\/17","recordStatus":"valid","typeStatus":null,"establishmentMeans":null,"decimalLatitude":null,"decimalLongitude":null,"qualityStatus":"unreviewed"},{"locality":"Gulf
        of Maine","locationID":"http:\/\/marineregions.org\/mrgid\/8940","higherGeography":"North
        Atlantic Ocean","higherGeographyID":"http:\/\/marineregions.org\/mrgid\/1912","recordStatus":"valid","typeStatus":null,"establishmentMeans":null,"decimalLatitude":null,"decimalLongitude":null,"qualityStatus":"unreviewed"},{"locality":"Belgian
        Exclusive Economic Zone","locationID":"http:\/\/marineregions.org\/mrgid\/3293","higherGeography":"Belgium","higherGeographyID":"http:\/\/marineregions.org\/mrgid\/14","recordStatus":"valid","typeStatus":null,"establishmentMeans":null,"decimalLatitude":null,"decimalLongitude":null,"qualityStatus":"unreviewed"},{"locality":"Zeeschelde","locationID":"http:\/\/marineregions.org\/mrgid\/2546","higherGeography":"North
        Sea","higherGeographyID":"http:\/\/marineregions.org\/mrgid\/2350","recordStatus":"valid","typeStatus":null,"establishmentMeans":null,"decimalLatitude":null,"decimalLongitude":null,"qualityStatus":"unreviewed"},{"locality":"Zeeschelde","locationID":"http:\/\/marineregions.org\/mrgid\/2546","higherGeography":"North
        Sea","higherGeographyID":"http:\/\/marineregions.org\/mrgid\/2350","recordStatus":"valid","typeStatus":null,"establishmentMeans":null,"decimalLatitude":null,"decimalLongitude":null,"qualityStatus":"unreviewed"},{"locality":"Zeeschelde","locationID":"http:\/\/marineregions.org\/mrgid\/2546","higherGeography":"North
        Sea","higherGeographyID":"http:\/\/marineregions.org\/mrgid\/2350","recordStatus":"valid","typeStatus":null,"establishmentMeans":null,"decimalLatitude":null,"decimalLongitude":null,"qualityStatus":"unreviewed"},{"locality":"Oostduinkerke","locationID":"http:\/\/marineregions.org\/mrgid\/14804","higherGeography":"Belgium","higherGeographyID":"http:\/\/marineregions.org\/mrgid\/14","recordStatus":"valid","typeStatus":null,"establishmentMeans":null,"decimalLatitude":null,"decimalLongitude":null,"qualityStatus":"unreviewed"},{"locality":"Gulf
        of St. Lawrence","locationID":"http:\/\/marineregions.org\/mrgid\/4290","higherGeography":"Gulf
        of Saint Lawrence","higherGeographyID":"http:\/\/marineregions.org\/mrgid\/4290","recordStatus":"valid","typeStatus":null,"establishmentMeans":null,"decimalLatitude":null,"decimalLongitude":null,"qualityStatus":"trusted"},{"locality":"Gulf
        of Maine","locationID":"http:\/\/marineregions.org\/mrgid\/8940","higherGeography":"North
        Atlantic Ocean","higherGeographyID":"http:\/\/marineregions.org\/mrgid\/1912","recordStatus":"valid","typeStatus":null,"establishmentMeans":null,"decimalLatitude":null,"decimalLongitude":null,"qualityStatus":"unreviewed"},{"locality":"Portuguese
        Exclusive Economic Zone","locationID":"http:\/\/marineregions.org\/mrgid\/5688","higherGeography":"Portugal","higherGeographyID":"http:\/\/marineregions.org\/mrgid\/2243","recordStatus":"valid","typeStatus":null,"establishmentMeans":null,"decimalLatitude":null,"decimalLongitude":null,"qualityStatus":"unreviewed"},{"locality":"Spanish
        Exclusive Economic Zone","locationID":"http:\/\/marineregions.org\/mrgid\/5693","higherGeography":"Spain","higherGeographyID":"http:\/\/marineregions.org\/mrgid\/2185","recordStatus":"valid","typeStatus":null,"establishmentMeans":null,"decimalLatitude":null,"decimalLongitude":null,"qualityStatus":"unreviewed"},{"locality":"Irish
        Exclusive economic Zone","locationID":"http:\/\/marineregions.org\/mrgid\/5681","higherGeography":"Ireland","higherGeographyID":"http:\/\/marineregions.org\/mrgid\/2114","recordStatus":"valid","typeStatus":null,"establishmentMeans":null,"decimalLatitude":null,"decimalLongitude":null,"qualityStatus":"unreviewed"},{"locality":"Polish
        Exclusive Economic Zone","locationID":"http:\/\/marineregions.org\/mrgid\/5687","higherGeography":"Poland","higherGeographyID":"http:\/\/marineregions.org\/mrgid\/2244","recordStatus":"valid","typeStatus":null,"establishmentMeans":null,"decimalLatitude":null,"decimalLongitude":null,"qualityStatus":"unreviewed"},{"locality":"Davis
        Strait","locationID":"http:\/\/marineregions.org\/mrgid\/4250","higherGeography":"Davis
        Strait","higherGeographyID":"http:\/\/marineregions.org\/mrgid\/4250","recordStatus":"valid","typeStatus":null,"establishmentMeans":null,"decimalLatitude":null,"decimalLongitude":null,"qualityStatus":"unreviewed"},{"locality":"FAO
        fishing area 21","locationID":"http:\/\/marineregions.org\/mrgid\/8748","higherGeography":null,"higherGeographyID":null,"recordStatus":"valid","typeStatus":null,"establishmentMeans":null,"decimalLatitude":null,"decimalLongitude":null,"qualityStatus":"unreviewed"},{"locality":"Hudson
        Strait","locationID":"http:\/\/marineregions.org\/mrgid\/4251","higherGeography":"Hudson
        Strait","higherGeographyID":"http:\/\/marineregions.org\/mrgid\/4251","recordStatus":"valid","typeStatus":null,"establishmentMeans":null,"decimalLatitude":null,"decimalLongitude":null,"qualityStatus":"unreviewed"},{"locality":"Zeeschelde","locationID":"http:\/\/marineregions.org\/mrgid\/2546","higherGeography":"North
        Sea","higherGeographyID":"http:\/\/marineregions.org\/mrgid\/2350","recordStatus":"valid","typeStatus":null,"establishmentMeans":null,"decimalLatitude":null,"decimalLongitude":null,"qualityStatus":"unreviewed"},{"locality":"Gulf
        of St. Lawrence","locationID":"http:\/\/marineregions.org\/mrgid\/4290","higherGeography":"Gulf
        of Saint Lawrence","higherGeographyID":"http:\/\/marineregions.org\/mrgid\/4290","recordStatus":"valid","typeStatus":null,"establishmentMeans":null,"decimalLatitude":null,"decimalLongitude":null,"qualityStatus":"unreviewed"},{"locality":"Swedish
        Exclusive Economic Zone","locationID":"http:\/\/marineregions.org\/mrgid\/5694","higherGeography":"Sweden","higherGeographyID":"http:\/\/marineregions.org\/mrgid\/2180","recordStatus":"valid","typeStatus":null,"establishmentMeans":null,"decimalLatitude":null,"decimalLongitude":null,"qualityStatus":"unreviewed"},{"locality":"OSPAR
        Region I (Arctic)","locationID":"http:\/\/marineregions.org\/mrgid\/33321","higherGeography":"North
        Atlantic Ocean","higherGeographyID":"http:\/\/marineregions.org\/mrgid\/1912","recordStatus":"valid","typeStatus":null,"establishmentMeans":null,"decimalLatitude":null,"decimalLongitude":null,"qualityStatus":"unreviewed"},{"locality":"OSPAR
        Region II (Greater North Sea)","locationID":"http:\/\/marineregions.org\/mrgid\/33322","higherGeography":"North
        Atlantic Ocean","higherGeographyID":"http:\/\/marineregions.org\/mrgid\/1912","recordStatus":"valid","typeStatus":null,"establishmentMeans":null,"decimalLatitude":null,"decimalLongitude":null,"qualityStatus":"unreviewed"},{"locality":"OSPAR
        Region III (Celtic Seas)","locationID":"http:\/\/marineregions.org\/mrgid\/33323","higherGeography":"North
        Atlantic Ocean","higherGeographyID":"http:\/\/marineregions.org\/mrgid\/1912","recordStatus":"valid","typeStatus":null,"establishmentMeans":null,"decimalLatitude":null,"decimalLongitude":null,"qualityStatus":"unreviewed"},{"locality":"OSPAR
        Region IV (Bay of Biscay\/Golfe de Gascogne & Iberian coasts)","locationID":"http:\/\/marineregions.org\/mrgid\/33324","higherGeography":"North
        Atlantic Ocean","higherGeographyID":"http:\/\/marineregions.org\/mrgid\/1912","recordStatus":"valid","typeStatus":null,"establishmentMeans":null,"decimalLatitude":null,"decimalLongitude":null,"qualityStatus":"unreviewed"},{"locality":"OSPAR
        Region V (Wider Atlantic)","locationID":"http:\/\/marineregions.org\/mrgid\/33325","higherGeography":"North
        Atlantic Ocean","higherGeographyID":"http:\/\/marineregions.org\/mrgid\/1912","recordStatus":"valid","typeStatus":null,"establishmentMeans":null,"decimalLatitude":null,"decimalLongitude":null,"qualityStatus":"unreviewed"}]'
  recorded_at: 2018-04-26 19:18:53 GMT
  recorded_with: vcr/0.0.8.9231
